[20396:8956:0724/112625.326:WARNING:chrome_main_delegate.cc(745)] This is Chrome version 128.0.6613.138 (not a warning)
[20396:9436:0724/112625.352:ERROR:google_update_settings.cc(265)] Failed opening key Software\Chromium to set usagestats; result: 5
[20396:8956:0724/112625.357:WARNING:account_consistency_mode_manager.cc(77)] Desktop Identity Consistency cannot be enabled as no OAuth client ID and client secret have been configured.
[20396:23404:0724/112627.115:WARNING:leveldb_database.cc(141)] Unable to open C:\Users\CGuser\Desktop\Neec_ShoeiMaeshima_Sandbox\Content\MyProject\Saved\webcache_6613\Default\shared_proto_db\metadata: IO error: C:\Users\CGuser\Desktop\Neec_ShoeiMaeshima_Sandbox\Content\MyProject\Saved\webcache_6613\Default\shared_proto_db\metadata/MANIFEST-000001: Unable to create sequential file (ChromeMethodBFE: 7::NewSequentialFile::1)
[20396:23404:0724/112627.121:WARNING:leveldb_database.cc(141)] Unable to open C:\Users\CGuser\Desktop\Neec_ShoeiMaeshima_Sandbox\Content\MyProject\Saved\webcache_6613\Default\shared_proto_db\metadata: IO error: C:\Users\CGuser\Desktop\Neec_ShoeiMaeshima_Sandbox\Content\MyProject\Saved\webcache_6613\Default\shared_proto_db\metadata/MANIFEST-000001: Unable to create sequential file (ChromeMethodBFE: 7::NewSequentialFile::1)
[20396:23404:0724/112627.128:WARNING:leveldb_database.cc(141)] Unable to open C:\Users\CGuser\Desktop\Neec_ShoeiMaeshima_Sandbox\Content\MyProject\Saved\webcache_6613\Default\shared_proto_db\metadata: IO error: C:\Users\CGuser\Desktop\Neec_ShoeiMaeshima_Sandbox\Content\MyProject\Saved\webcache_6613\Default\shared_proto_db\metadata/MANIFEST-000001: Unable to create sequential file (ChromeMethodBFE: 7::NewSequentialFile::1)
[20396:23404:0724/112627.132:WARNING:leveldb_database.cc(141)] Unable to open C:\Users\CGuser\Desktop\Neec_ShoeiMaeshima_Sandbox\Content\MyProject\Saved\webcache_6613\Default\shared_proto_db\metadata: IO error: C:\Users\CGuser\Desktop\Neec_ShoeiMaeshima_Sandbox\Content\MyProject\Saved\webcache_6613\Default\shared_proto_db\metadata/MANIFEST-000001: Unable to create sequential file (ChromeMethodBFE: 7::NewSequentialFile::1)
[20396:22308:0724/112627.345:WARNING:value_store_frontend.cc(47)] Reading ahfgeienlihckogmohjhadlkjgocpleb.alarms from  failed: IO error: .../MANIFEST-000001: Unable to create sequential file (ChromeMethodBFE: 7::NewSequentialFile::1)
[20396:22308:0724/112627.349:WARNING:value_store_frontend.cc(47)] Reading mhjfbmdgcfjbbpaeojofohoefgiehjai.alarms from  failed: IO error: .../MANIFEST-000001: Unable to create sequential file (ChromeMethodBFE: 7::NewSequentialFile::1)
[19488:12800:0724/112627.489:WARNING:frame_impl.cc(430)] virtual CefFrameImpl::SendProcessMessage sent to detached frame 5-9782E2BA06761AED7D5A88F538707E6D will be ignored
[17580:18736:0724/112627.703:WARNING:codec.cc(525)] Explicitly added H264 constrained baseline to list of supported formats.
[17580:22356:0724/112627.725:WARNING:codec.cc(525)] Explicitly added H264 constrained baseline to list of supported formats.
[17580:22356:0724/112627.725:WARNING:codec.cc(525)] Explicitly added H264 constrained baseline to list of supported formats.
[17580:22356:0724/112627.725:WARNING:codec.cc(525)] Explicitly added H264 constrained baseline to list of supported formats.
[3620:10316:0724/112627.741:WARNING:host_resolver_dns_task.cc(863)] Address list empty after RFC3484 sort
[3620:10316:0724/112627.741:WARNING:host_resolver_dns_task.cc(863)] Address list empty after RFC3484 sort
[3620:10316:0724/112627.741:WARNING:host_resolver_dns_task.cc(863)] Address list empty after RFC3484 sort
[3620:10316:0724/112627.743:ERROR:socket_manager.cc(147)] Failed to resolve address for stun.l.google.com., errorcode: -105
[3620:10316:0724/112627.743:ERROR:socket_manager.cc(147)] Failed to resolve address for stun.l.google.com., errorcode: -105
[3620:10316:0724/112627.743:ERROR:socket_manager.cc(147)] Failed to resolve address for stun.l.google.com., errorcode: -105
[17580:22356:0724/112627.743:WARNING:stun_port.cc(442)] Port[1020800:0:1:0:host:Net[any:0:0:0:x:x:x:x:x/0:Wildcard:id=0]]: StunPort: stun host lookup received error -1
[17580:22356:0724/112627.743:WARNING:stun_port.cc(442)] Port[1021000:1:1:0:host:Net[any:0:0:0:x:x:x:x:x/0:Wildcard:id=0]]: StunPort: stun host lookup received error -1
[17580:22356:0724/112627.743:WARNING:stun_port.cc(442)] Port[1021800:2:1:0:host:Net[any:0:0:0:x:x:x:x:x/0:Wildcard:id=0]]: StunPort: stun host lookup received error -1
[3620:10316:0724/112627.743:ERROR:socket_manager.cc(147)] Failed to resolve address for stun.cloudflare.com., errorcode: -105
[3620:10316:0724/112627.743:ERROR:socket_manager.cc(147)] Failed to resolve address for stun.cloudflare.com., errorcode: -105
[3620:10316:0724/112627.743:ERROR:socket_manager.cc(147)] Failed to resolve address for stun.cloudflare.com., errorcode: -105
[3620:10316:0724/112627.743:ERROR:socket_manager.cc(147)] Failed to resolve address for stun1.l.google.com., errorcode: -105
[3620:10316:0724/112627.743:ERROR:socket_manager.cc(147)] Failed to resolve address for stun1.l.google.com., errorcode: -105
[3620:10316:0724/112627.743:ERROR:socket_manager.cc(147)] Failed to resolve address for stun1.l.google.com., errorcode: -105
[17580:22356:0724/112627.743:WARNING:stun_port.cc(442)] Port[1020800:0:1:0:host:Net[any:0:0:0:x:x:x:x:x/0:Wildcard:id=0]]: StunPort: stun host lookup received error -1
[17580:22356:0724/112627.743:WARNING:stun_port.cc(442)] Port[1021000:1:1:0:host:Net[any:0:0:0:x:x:x:x:x/0:Wildcard:id=0]]: StunPort: stun host lookup received error -1
[17580:22356:0724/112627.743:WARNING:stun_port.cc(442)] Port[1021800:2:1:0:host:Net[any:0:0:0:x:x:x:x:x/0:Wildcard:id=0]]: StunPort: stun host lookup received error -1
[17580:22356:0724/112627.743:WARNING:stun_port.cc(442)] Port[1020800:0:1:0:host:Net[any:0:0:0:x:x:x:x:x/0:Wildcard:id=0]]: StunPort: stun host lookup received error -1
[17580:22356:0724/112627.743:WARNING:stun_port.cc(442)] Port[1021000:1:1:0:host:Net[any:0:0:0:x:x:x:x:x/0:Wildcard:id=0]]: StunPort: stun host lookup received error -1
[17580:22356:0724/112627.743:WARNING:stun_port.cc(442)] Port[1021800:2:1:0:host:Net[any:0:0:0:x:x:x:x:x/0:Wildcard:id=0]]: StunPort: stun host lookup received error -1
[20396:8096:0724/112627.908:WARNING:browser_info.cc(345)] Returning a speculative frame for [7,9]
[20396:8956:0724/112627.935:WARNING:browser_info.cc(345)] Returning a speculative frame for [8,5]
[20396:8956:0724/112627.935:WARNING:browser_info.cc(345)] Returning a speculative frame for [8,5]
[20396:8956:0724/112627.935:WARNING:browser_info.cc(345)] Returning a speculative frame for [8,5]
[20396:8956:0724/112627.935:WARNING:browser_info.cc(345)] Returning a speculative frame for [8,5]
[20396:8096:0724/112627.973:WARNING:browser_info.cc(345)] Returning a speculative frame for [8,5]
[10556:20520:0724/112628.042:WARNING:codec.cc(525)] Explicitly added H264 constrained baseline to list of supported formats.
[10556:20676:0724/112628.068:WARNING:codec.cc(525)] Explicitly added H264 constrained baseline to list of supported formats.
[10556:20676:0724/112628.068:WARNING:codec.cc(525)] Explicitly added H264 constrained baseline to list of supported formats.
[10556:20676:0724/112628.068:WARNING:codec.cc(525)] Explicitly added H264 constrained baseline to list of supported formats.
[3620:10316:0724/112628.079:WARNING:host_resolver_dns_task.cc(863)] Address list empty after RFC3484 sort
[3620:10316:0724/112628.079:WARNING:host_resolver_dns_task.cc(863)] Address list empty after RFC3484 sort
[3620:10316:0724/112628.079:WARNING:host_resolver_dns_task.cc(863)] Address list empty after RFC3484 sort
[3620:10316:0724/112628.079:ERROR:socket_manager.cc(147)] Failed to resolve address for stun.l.google.com., errorcode: -105
[3620:10316:0724/112628.079:ERROR:socket_manager.cc(147)] Failed to resolve address for stun.l.google.com., errorcode: -105
[3620:10316:0724/112628.079:ERROR:socket_manager.cc(147)] Failed to resolve address for stun.l.google.com., errorcode: -105
[3620:10316:0724/112628.079:ERROR:socket_manager.cc(147)] Failed to resolve address for stun1.l.google.com., errorcode: -105
[3620:10316:0724/112628.079:ERROR:socket_manager.cc(147)] Failed to resolve address for stun1.l.google.com., errorcode: -105
[3620:10316:0724/112628.079:ERROR:socket_manager.cc(147)] Failed to resolve address for stun1.l.google.com., errorcode: -105
[3620:10316:0724/112628.079:ERROR:socket_manager.cc(147)] Failed to resolve address for stun.cloudflare.com., errorcode: -105
[3620:10316:0724/112628.079:ERROR:socket_manager.cc(147)] Failed to resolve address for stun.cloudflare.com., errorcode: -105
[3620:10316:0724/112628.079:ERROR:socket_manager.cc(147)] Failed to resolve address for stun.cloudflare.com., errorcode: -105
[10556:20676:0724/112628.079:WARNING:stun_port.cc(442)] Port[f72c00:0:1:0:host:Net[any:0:0:0:x:x:x:x:x/0:Wildcard:id=0]]: StunPort: stun host lookup received error -1
[10556:20676:0724/112628.079:WARNING:stun_port.cc(442)] Port[f73400:1:1:0:host:Net[any:0:0:0:x:x:x:x:x/0:Wildcard:id=0]]: StunPort: stun host lookup received error -1
[10556:20676:0724/112628.079:WARNING:stun_port.cc(442)] Port[130c000:2:1:0:host:Net[any:0:0:0:x:x:x:x:x/0:Wildcard:id=0]]: StunPort: stun host lookup received error -1
[10556:20676:0724/112628.079:WARNING:stun_port.cc(442)] Port[f72c00:0:1:0:host:Net[any:0:0:0:x:x:x:x:x/0:Wildcard:id=0]]: StunPort: stun host lookup received error -1
[10556:20676:0724/112628.079:WARNING:stun_port.cc(442)] Port[f73400:1:1:0:host:Net[any:0:0:0:x:x:x:x:x/0:Wildcard:id=0]]: StunPort: stun host lookup received error -1
[10556:20676:0724/112628.079:WARNING:stun_port.cc(442)] Port[130c000:2:1:0:host:Net[any:0:0:0:x:x:x:x:x/0:Wildcard:id=0]]: StunPort: stun host lookup received error -1
[10556:20676:0724/112628.079:WARNING:stun_port.cc(442)] Port[f72c00:0:1:0:host:Net[any:0:0:0:x:x:x:x:x/0:Wildcard:id=0]]: StunPort: stun host lookup received error -1
[10556:20676:0724/112628.079:WARNING:stun_port.cc(442)] Port[f73400:1:1:0:host:Net[any:0:0:0:x:x:x:x:x/0:Wildcard:id=0]]: StunPort: stun host lookup received error -1
[10556:20676:0724/112628.079:WARNING:stun_port.cc(442)] Port[130c000:2:1:0:host:Net[any:0:0:0:x:x:x:x:x/0:Wildcard:id=0]]: StunPort: stun host lookup received error -1
[10556:20520:0724/112629.385:WARNING:codec.cc(525)] Explicitly added H264 constrained baseline to list of supported formats.
[9680:20636:0724/112833.359:ERROR:shared_image_manager.cc(224)] SharedImageManager::ProduceSkia: Trying to Produce a Skia representation from a non-existent mailbox.
[9680:20636:0724/112833.360:ERROR:shared_image_manager.cc(224)] SharedImageManager::ProduceSkia: Trying to Produce a Skia representation from a non-existent mailbox.
[20396:8956:0724/115431.133:WARNING:pref_notifier_impl.cc(41)] Pref observer for media_router.cast_allow_all_ips found at shutdown.
