[22740:22744:1009/085113.694:WARNING:chrome_main_delegate.cc(745)] This is Chrome version 128.0.6613.138 (not a warning)
[22740:16692:1009/085113.788:ERROR:google_update_settings.cc(265)] Failed opening key Software\Chromium to set usagestats; result: 5
[22740:22744:1009/085113.801:WARNING:account_consistency_mode_manager.cc(77)] Desktop Identity Consistency cannot be enabled as no OAuth client ID and client secret have been configured.
[22740:19564:1009/085117.949:WARNING:leveldb_database.cc(141)] Unable to open C:\Users\CGuser\Desktop\Neec_ShoeiMaeshima_Sandbox\Content\MyProject\Saved\webcache_6613\Default\shared_proto_db\metadata: IO error: C:\Users\CGuser\Desktop\Neec_ShoeiMaeshima_Sandbox\Content\MyProject\Saved\webcache_6613\Default\shared_proto_db\metadata/MANIFEST-000001: Unable to create sequential file (ChromeMethodBFE: 7::NewSequentialFile::1)
[22740:19564:1009/085117.967:WARNING:leveldb_database.cc(141)] Unable to open C:\Users\CGuser\Desktop\Neec_ShoeiMaeshima_Sandbox\Content\MyProject\Saved\webcache_6613\Default\shared_proto_db\metadata: IO error: C:\Users\CGuser\Desktop\Neec_ShoeiMaeshima_Sandbox\Content\MyProject\Saved\webcache_6613\Default\shared_proto_db\metadata/MANIFEST-000001: Unable to create sequential file (ChromeMethodBFE: 7::NewSequentialFile::1)
[22740:19564:1009/085117.986:WARNING:leveldb_database.cc(141)] Unable to open C:\Users\CGuser\Desktop\Neec_ShoeiMaeshima_Sandbox\Content\MyProject\Saved\webcache_6613\Default\shared_proto_db\metadata: IO error: C:\Users\CGuser\Desktop\Neec_ShoeiMaeshima_Sandbox\Content\MyProject\Saved\webcache_6613\Default\shared_proto_db\metadata/MANIFEST-000001: Unable to create sequential file (ChromeMethodBFE: 7::NewSequentialFile::1)
[22740:19564:1009/085118.004:WARNING:leveldb_database.cc(141)] Unable to open C:\Users\CGuser\Desktop\Neec_ShoeiMaeshima_Sandbox\Content\MyProject\Saved\webcache_6613\Default\shared_proto_db\metadata: IO error: C:\Users\CGuser\Desktop\Neec_ShoeiMaeshima_Sandbox\Content\MyProject\Saved\webcache_6613\Default\shared_proto_db\metadata/MANIFEST-000001: Unable to create sequential file (ChromeMethodBFE: 7::NewSequentialFile::1)
[22740:21380:1009/085118.491:WARNING:value_store_frontend.cc(47)] Reading ahfgeienlihckogmohjhadlkjgocpleb.alarms from  failed: IO error: .../MANIFEST-000001: Unable to create sequential file (ChromeMethodBFE: 7::NewSequentialFile::1)
[22740:21380:1009/085118.503:WARNING:value_store_frontend.cc(47)] Reading mhjfbmdgcfjbbpaeojofohoefgiehjai.alarms from  failed: IO error: .../MANIFEST-000001: Unable to create sequential file (ChromeMethodBFE: 7::NewSequentialFile::1)
[13456:13508:1009/085119.018:WARNING:frame_impl.cc(430)] virtual CefFrameImpl::SendProcessMessage sent to detached frame 5-B50BB4E4C7D833B397485AEAF2A4F726 will be ignored
[19288:3144:1009/085119.584:WARNING:codec.cc(525)] Explicitly added H264 constrained baseline to list of supported formats.
[19288:5820:1009/085119.613:WARNING:codec.cc(525)] Explicitly added H264 constrained baseline to list of supported formats.
[19288:5820:1009/085119.613:WARNING:codec.cc(525)] Explicitly added H264 constrained baseline to list of supported formats.
[19288:5820:1009/085119.613:WARNING:codec.cc(525)] Explicitly added H264 constrained baseline to list of supported formats.
[10824:10900:1009/085119.633:WARNING:host_resolver_dns_task.cc(863)] Address list empty after RFC3484 sort
[10824:10900:1009/085119.633:WARNING:host_resolver_dns_task.cc(863)] Address list empty after RFC3484 sort
[10824:10900:1009/085119.637:WARNING:host_resolver_dns_task.cc(863)] Address list empty after RFC3484 sort
[10824:10900:1009/085119.639:ERROR:socket_manager.cc(147)] Failed to resolve address for stun.l.google.com., errorcode: -105
[10824:10900:1009/085119.639:ERROR:socket_manager.cc(147)] Failed to resolve address for stun.l.google.com., errorcode: -105
[10824:10900:1009/085119.639:ERROR:socket_manager.cc(147)] Failed to resolve address for stun.l.google.com., errorcode: -105
[10824:10900:1009/085119.639:ERROR:socket_manager.cc(147)] Failed to resolve address for stun.cloudflare.com., errorcode: -105
[10824:10900:1009/085119.639:ERROR:socket_manager.cc(147)] Failed to resolve address for stun.cloudflare.com., errorcode: -105
[10824:10900:1009/085119.639:ERROR:socket_manager.cc(147)] Failed to resolve address for stun.cloudflare.com., errorcode: -105
[19288:5820:1009/085119.639:WARNING:stun_port.cc(442)] Port[100a400:0:1:0:host:Net[any:0:0:0:x:x:x:x:x/0:Wildcard:id=0]]: StunPort: stun host lookup received error -1
[19288:5820:1009/085119.640:WARNING:stun_port.cc(442)] Port[100ac00:1:1:0:host:Net[any:0:0:0:x:x:x:x:x/0:Wildcard:id=0]]: StunPort: stun host lookup received error -1
[10824:10900:1009/085119.640:ERROR:socket_manager.cc(147)] Failed to resolve address for stun1.l.google.com., errorcode: -105
[10824:10900:1009/085119.640:ERROR:socket_manager.cc(147)] Failed to resolve address for stun1.l.google.com., errorcode: -105
[10824:10900:1009/085119.640:ERROR:socket_manager.cc(147)] Failed to resolve address for stun1.l.google.com., errorcode: -105
[19288:5820:1009/085119.640:WARNING:stun_port.cc(442)] Port[100b400:2:1:0:host:Net[any:0:0:0:x:x:x:x:x/0:Wildcard:id=0]]: StunPort: stun host lookup received error -1
[19288:5820:1009/085119.640:WARNING:stun_port.cc(442)] Port[100a400:0:1:0:host:Net[any:0:0:0:x:x:x:x:x/0:Wildcard:id=0]]: StunPort: stun host lookup received error -1
[19288:5820:1009/085119.640:WARNING:stun_port.cc(442)] Port[100ac00:1:1:0:host:Net[any:0:0:0:x:x:x:x:x/0:Wildcard:id=0]]: StunPort: stun host lookup received error -1
[19288:5820:1009/085119.640:WARNING:stun_port.cc(442)] Port[100b400:2:1:0:host:Net[any:0:0:0:x:x:x:x:x/0:Wildcard:id=0]]: StunPort: stun host lookup received error -1
[19288:5820:1009/085119.640:WARNING:stun_port.cc(442)] Port[100a400:0:1:0:host:Net[any:0:0:0:x:x:x:x:x/0:Wildcard:id=0]]: StunPort: stun host lookup received error -1
[19288:5820:1009/085119.640:WARNING:stun_port.cc(442)] Port[100ac00:1:1:0:host:Net[any:0:0:0:x:x:x:x:x/0:Wildcard:id=0]]: StunPort: stun host lookup received error -1
[19288:5820:1009/085119.640:WARNING:stun_port.cc(442)] Port[100b400:2:1:0:host:Net[any:0:0:0:x:x:x:x:x/0:Wildcard:id=0]]: StunPort: stun host lookup received error -1
[22740:22652:1009/085119.823:WARNING:browser_info.cc(345)] Returning a speculative frame for [7,9]
[22740:22744:1009/085119.847:WARNING:browser_info.cc(345)] Returning a speculative frame for [9,5]
[22740:22744:1009/085119.847:WARNING:browser_info.cc(345)] Returning a speculative frame for [9,5]
[22740:22744:1009/085119.847:WARNING:browser_info.cc(345)] Returning a speculative frame for [9,5]
[22740:22744:1009/085119.847:WARNING:browser_info.cc(345)] Returning a speculative frame for [9,5]
[22740:22652:1009/085119.903:WARNING:browser_info.cc(345)] Returning a speculative frame for [9,5]
[19604:19984:1009/085120.009:WARNING:codec.cc(525)] Explicitly added H264 constrained baseline to list of supported formats.
[19604:22820:1009/085120.067:WARNING:codec.cc(525)] Explicitly added H264 constrained baseline to list of supported formats.
[19604:22820:1009/085120.067:WARNING:codec.cc(525)] Explicitly added H264 constrained baseline to list of supported formats.
[19604:22820:1009/085120.067:WARNING:codec.cc(525)] Explicitly added H264 constrained baseline to list of supported formats.
[10824:10900:1009/085120.104:WARNING:host_resolver_dns_task.cc(863)] Address list empty after RFC3484 sort
[10824:10900:1009/085120.104:WARNING:host_resolver_dns_task.cc(863)] Address list empty after RFC3484 sort
[10824:10900:1009/085120.104:WARNING:host_resolver_dns_task.cc(863)] Address list empty after RFC3484 sort
[10824:10900:1009/085120.105:ERROR:socket_manager.cc(147)] Failed to resolve address for stun1.l.google.com., errorcode: -105
[10824:10900:1009/085120.105:ERROR:socket_manager.cc(147)] Failed to resolve address for stun1.l.google.com., errorcode: -105
[10824:10900:1009/085120.105:ERROR:socket_manager.cc(147)] Failed to resolve address for stun1.l.google.com., errorcode: -105
[10824:10900:1009/085120.105:ERROR:socket_manager.cc(147)] Failed to resolve address for stun.l.google.com., errorcode: -105
[10824:10900:1009/085120.105:ERROR:socket_manager.cc(147)] Failed to resolve address for stun.l.google.com., errorcode: -105
[10824:10900:1009/085120.105:ERROR:socket_manager.cc(147)] Failed to resolve address for stun.l.google.com., errorcode: -105
[10824:10900:1009/085120.105:ERROR:socket_manager.cc(147)] Failed to resolve address for stun.cloudflare.com., errorcode: -105
[10824:10900:1009/085120.105:ERROR:socket_manager.cc(147)] Failed to resolve address for stun.cloudflare.com., errorcode: -105
[10824:10900:1009/085120.105:ERROR:socket_manager.cc(147)] Failed to resolve address for stun.cloudflare.com., errorcode: -105
[19604:22820:1009/085120.107:WARNING:stun_port.cc(442)] Port[fb0c00:0:1:0:host:Net[any:0:0:0:x:x:x:x:x/0:Wildcard:id=0]]: StunPort: stun host lookup received error -1
[19604:22820:1009/085120.107:WARNING:stun_port.cc(442)] Port[fb1400:1:1:0:host:Net[any:0:0:0:x:x:x:x:x/0:Wildcard:id=0]]: StunPort: stun host lookup received error -1
[19604:22820:1009/085120.107:WARNING:stun_port.cc(442)] Port[fb1c00:2:1:0:host:Net[any:0:0:0:x:x:x:x:x/0:Wildcard:id=0]]: StunPort: stun host lookup received error -1
[19604:22820:1009/085120.107:WARNING:stun_port.cc(442)] Port[fb0c00:0:1:0:host:Net[any:0:0:0:x:x:x:x:x/0:Wildcard:id=0]]: StunPort: stun host lookup received error -1
[19604:22820:1009/085120.107:WARNING:stun_port.cc(442)] Port[fb1400:1:1:0:host:Net[any:0:0:0:x:x:x:x:x/0:Wildcard:id=0]]: StunPort: stun host lookup received error -1
[19604:22820:1009/085120.107:WARNING:stun_port.cc(442)] Port[fb1c00:2:1:0:host:Net[any:0:0:0:x:x:x:x:x/0:Wildcard:id=0]]: StunPort: stun host lookup received error -1
[19604:22820:1009/085120.107:WARNING:stun_port.cc(442)] Port[fb0c00:0:1:0:host:Net[any:0:0:0:x:x:x:x:x/0:Wildcard:id=0]]: StunPort: stun host lookup received error -1
[19604:22820:1009/085120.107:WARNING:stun_port.cc(442)] Port[fb1400:1:1:0:host:Net[any:0:0:0:x:x:x:x:x/0:Wildcard:id=0]]: StunPort: stun host lookup received error -1
[19604:22820:1009/085120.107:WARNING:stun_port.cc(442)] Port[fb1c00:2:1:0:host:Net[any:0:0:0:x:x:x:x:x/0:Wildcard:id=0]]: StunPort: stun host lookup received error -1
[22740:4240:1009/085120.717:ERROR:sandbox_directory_database.cc(915)] SandboxDirectoryDatabase failed at: Init@storage\browser\file_system\sandbox_directory_database.cc:715 with error: IO error: C:\Users\CGuser\Desktop\Neec_ShoeiMaeshima_Sandbox\Content\MyProject\Saved\webcache_6613\Default\WebStorage\1\FileSystem\t\Paths/MANIFEST-000001: Unable to create sequential file (ChromeMethodBFE: 7::NewSequentialFile::1)
[22740:4240:1009/085120.717:WARNING:sandbox_directory_database.cc(727)] Corrupted SandboxDirectoryDatabase detected. Attempting to repair.
[19604:19984:1009/085120.916:WARNING:codec.cc(525)] Explicitly added H264 constrained baseline to list of supported formats.
[19288:17764:1009/085326.850:WARNING:frame_impl.cc(430)] virtual CefFrameImpl::SendProcessMessage sent to detached frame 6-1A8A557D5BF9FB28CC122DAABC7CDB71 will be ignored
[11960:22708:1009/085326.948:ERROR:shared_image_manager.cc(224)] SharedImageManager::ProduceSkia: Trying to Produce a Skia representation from a non-existent mailbox.
[11960:22708:1009/085326.948:ERROR:shared_image_manager.cc(224)] SharedImageManager::ProduceSkia: Trying to Produce a Skia representation from a non-existent mailbox.
[22740:22744:1009/115716.971:WARNING:pref_notifier_impl.cc(41)] Pref observer for media_router.cast_allow_all_ips found at shutdown.
